Job Started at: Sun Oct  4 01:30:17 PM IST 2026

[INFO] Device: cuda
[INFO] Data type: torch.float16
[INFO] GPU: NVIDIA RTX PRO 6000 Blackwell Max-Q Workstation Edition
[INFO] Loading calibration data...
[INFO] Total calibration prompts: 24652
[INFO] No previous output found.
[INFO] Loading tokenizer...
[INFO] Loading model...
[INFO] Model loaded successfully.
[INFO] Generating 1/24652
[INFO] Generating 2/24652
[INFO] Generating 3/24652
[INFO] Generating 4/24652
[INFO] Generating 5/24652
[INFO] Generating 6/24652
[INFO] Generating 7/24652
[INFO] Generating 8/24652
[INFO] Generating 9/24652
[INFO] Generating 10/24652
[INFO] Generating 11/24652
[INFO] Generating 12/24652
[INFO] Generating 13/24652
[INFO] Generating 14/24652
[INFO] Generating 15/24652
[INFO] Generating 16/24652
[INFO] Generating 17/24652
[INFO] Generating 18/24652
[INFO] Generating 19/24652
[INFO] Generating 20/24652
[INFO] Generating 21/24652
[INFO] Generating 22/24652
[INFO] Generating 23/24652
[INFO] Generating 24/24652
[INFO] Generating 25/24652
[INFO] Generating 26/24652
[INFO] Generating 27/24652
[INFO] Generating 28/24652
[INFO] Generating 29/24652
[INFO] Generating 30/24652
[INFO] Generating 31/24652
[INFO] Generating 32/24652
[INFO] Generating 33/24652
[INFO] Generating 34/24652
[INFO] Generating 35/24652
[INFO] Generating 36/24652
[INFO] Generating 37/24652
[INFO] Generating 38/24652
[INFO] Generating 39/24652
[INFO] Generating 40/24652
[INFO] Generating 41/24652
[INFO] Generating 42/24652
[INFO] Generating 43/24652
[INFO] Generating 44/24652
[INFO] Generating 45/24652
[INFO] Generating 46/24652
[INFO] Generating 47/24652
[INFO] Generating 48/24652
[INFO] Generating 49/24652
[INFO] Generating 50/24652
[INFO] Generating 51/24652
[INFO] Generating 52/24652
[INFO] Generating 53/24652
[INFO] Generating 54/24652
[INFO] Generating 55/24652
[INFO] Generating 56/24652
[INFO] Generating 57/24652
[INFO] Generating 58/24652
[INFO] Generating 59/24652
[INFO] Generating 60/24652
[INFO] Generating 61/24652
[INFO] Generating 62/24652
[INFO] Generating 63/24652
[INFO] Generating 64/24652
[INFO] Generating 65/24652
[INFO] Generating 66/24652
[INFO] Generating 67/24652
[INFO] Generating 68/24652
[INFO] Generating 69/24652
[INFO] Generating 70/24652
[INFO] Generating 71/24652
[INFO] Generating 72/24652
[INFO] Generating 73/24652
[INFO] Generating 74/24652
[INFO] Generating 75/24652
[INFO] Generating 76/24652
[INFO] Generating 77/24652
[INFO] Generating 78/24652
[INFO] Generating 79/24652
[INFO] Generating 80/24652
[INFO] Generating 81/24652
[INFO] Generating 82/24652
[INFO] Generating 83/24652
[INFO] Generating 84/24652
[INFO] Generating 85/24652
[INFO] Generating 86/24652
[INFO] Generating 87/24652
[INFO] Generating 88/24652
[INFO] Generating 89/24652
[INFO] Generating 90/24652
[INFO] Generating 91/24652
[INFO] Generating 92/24652
[INFO] Generating 93/24652
[INFO] Generating 94/24652
[INFO] Generating 95/24652
[INFO] Generating 96/24652
[INFO] Generating 97/24652
[INFO] Generating 98/24652
[INFO] Generating 99/24652
[INFO] Generating 100/24652

Job Ended at: Sun Oct  4 01:32:04 PM IST 2026
